// Jest Snapshot v1, https://goo.gl/fbAQLP

exports[`<CryptoCard/> 1`] = `null`;
