// Jest Snapshot v1, https://goo.gl/fbAQLP

exports[`<DefaultTextBold /> 1`] = `
<View
  style={
    Object {
      "alignItems": "center",
      "backgroundColor": "#1B314F",
      "flex": 1,
      "justifyContent": "center",
    }
  }
>
  <ActivityIndicator
    animating={true}
    color="#999999"
    hidesWhenStopped={true}
    size="small"
  />
  <Text
    style={
      Array [
        Object {
          "color": "white",
          "fontFamily": "PoppinsRegular",
        },
        Object {
          "marginTop": 16,
        },
      ]
    }
  >
    Please wait...
  </Text>
</View>
`;
